com\desperis\advancements\tiers\beginner\impl\$6FirstWeapon$AdvancementImpl.class
com\desperis\advancements\tiers\beginner\impl\$10PotionBasics.class
com\desperis\advancements\tiers\beginner\impl\$3FirstHunt.class
com\desperis\advancements\tiers\beginner\impl\$15FullOfDiamonds$AdvancementImpl.class
com\desperis\advancements\tiers\beginner\impl\$9StartDefending$AdvancementImpl.class
com\desperis\advancements\tiers\beginner\impl\$5SmeltItUp.class
com\desperis\advancements\tiers\beginner\impl\$16AcquireDiamonds$AdvancementImpl.class
com\desperis\advancements\tiers\beginner\impl\$17UnbreakableDefense$AdvancementImpl.class
com\desperis\advancements\tiers\beginner\impl\$4FirstMiner.class
com\desperis\advancements\tiers\beginner\impl\$11IsntItIronPick$AdvancementImpl.class
com\desperis\advancements\tiers\beginner\impl\$11IsntItIronPick.class
com\desperis\advancements\tiers\beginner\impl\$3FirstHunt$AdvancementImpl.class
com\desperis\advancements\utils\Utils.class
com\desperis\advancements\tiers\beginner\impl\$4FirstMiner$AdvancementImpl.class
com\desperis\advancements\tiers\beginner\impl\$14UndergroundMaster.class
com\desperis\advancements\tiers\beginner\impl\$16AcquireDiamonds.class
com\desperis\advancements\tiers\beginner\impl\$15FullOfDiamonds.class
com\desperis\advancements\tiers\beginner\impl\$5SmeltItUp$AdvancementImpl.class
com\desperis\advancements\events\GeneralEvents.class
com\desperis\advancements\user\UserManager.class
com\desperis\advancements\BetterAdvancements.class
com\desperis\advancements\tiers\beginner\impl\$1FirstTool.class
com\desperis\advancements\tiers\BetterAdvancement.class
com\desperis\advancements\tiers\beginner\impl\$2EntranceToMining.class
com\desperis\advancements\tiers\beginner\impl\$8SurvivalEssentials$AdvancementImpl.class
com\desperis\advancements\tiers\beginner\impl\$12CookedPrey$AdvancementImpl.class
com\desperis\advancements\tiers\beginner\impl\$7FirstHarvest$AdvancementImpl.class
com\desperis\advancements\tiers\beginner\impl\$3FirstHunt$1.class
com\desperis\advancements\tiers\beginner\impl\$12CookedPrey.class
com\desperis\advancements\tiers\beginner\impl\$14UndergroundMaster$AdvancementImpl.class
com\desperis\advancements\user\User.class
com\desperis\advancements\tiers\beginner\impl\$17UnbreakableDefense.class
com\desperis\advancements\tiers\beginner\impl\$1FirstTool$AdvancementImpl.class
com\desperis\advancements\tiers\beginner\impl\$8SurvivalEssentials.class
com\desperis\advancements\tiers\beginner\impl\$7FirstHarvest.class
com\desperis\advancements\tiers\beginner\impl\$13NotToday.class
com\desperis\advancements\tiers\beginner\impl\$9StartDefending.class
com\desperis\advancements\tiers\beginner\impl\$2EntranceToMining$AdvancementImpl.class
com\desperis\advancements\tiers\beginner\impl\$10PotionBasics$AdvancementImpl.class
com\desperis\advancements\Advancements.class
com\desperis\advancements\tiers\beginner\BeginnerAdvancements.class
com\desperis\advancements\tiers\beginner\impl\$13NotToday$AdvancementImpl.class
com\desperis\advancements\tiers\beginner\impl\$6FirstWeapon.class
