C:\Users\berke\IdeaProjects\BetterAdvancements\src\main\java\com\desperis\advancements\tiers\beginner\impl\$3FirstHunt.java
C:\Users\berke\IdeaProjects\BetterAdvancements\src\main\java\com\desperis\advancements\tiers\BetterAdvancement.java
C:\Users\berke\IdeaProjects\BetterAdvancements\src\main\java\com\desperis\advancements\utils\Utils.java
C:\Users\berke\IdeaProjects\BetterAdvancements\src\main\java\com\desperis\advancements\tiers\beginner\impl\$13NotToday.java
C:\Users\berke\IdeaProjects\BetterAdvancements\src\main\java\com\desperis\advancements\tiers\beginner\impl\$11IsntItIronPick.java
C:\Users\berke\IdeaProjects\BetterAdvancements\src\main\java\com\desperis\advancements\tiers\beginner\impl\$16AcquireDiamonds.java
C:\Users\berke\IdeaProjects\BetterAdvancements\src\main\java\com\desperis\advancements\tiers\beginner\impl\$9StartDefending.java
C:\Users\berke\IdeaProjects\BetterAdvancements\src\main\java\com\desperis\advancements\Advancements.java
C:\Users\berke\IdeaProjects\BetterAdvancements\src\main\java\com\desperis\advancements\tiers\beginner\impl\$12CookedPrey.java
C:\Users\berke\IdeaProjects\BetterAdvancements\src\main\java\com\desperis\advancements\tiers\beginner\impl\$6FirstWeapon.java
C:\Users\berke\IdeaProjects\BetterAdvancements\src\main\java\com\desperis\advancements\tiers\beginner\impl\$15FullOfDiamonds.java
C:\Users\berke\IdeaProjects\BetterAdvancements\src\main\java\com\desperis\advancements\BetterAdvancements.java
C:\Users\berke\IdeaProjects\BetterAdvancements\src\main\java\com\desperis\advancements\events\GeneralEvents.java
C:\Users\berke\IdeaProjects\BetterAdvancements\src\main\java\com\desperis\advancements\tiers\beginner\impl\$2EntranceToMining.java
C:\Users\berke\IdeaProjects\BetterAdvancements\src\main\java\com\desperis\advancements\tiers\beginner\impl\$17UnbreakableDefense.java
C:\Users\berke\IdeaProjects\BetterAdvancements\src\main\java\com\desperis\advancements\tiers\beginner\BeginnerAdvancements.java
C:\Users\berke\IdeaProjects\BetterAdvancements\src\main\java\com\desperis\advancements\tiers\beginner\impl\$1FirstTool.java
C:\Users\berke\IdeaProjects\BetterAdvancements\src\main\java\com\desperis\advancements\tiers\beginner\impl\$4FirstMiner.java
C:\Users\berke\IdeaProjects\BetterAdvancements\src\main\java\com\desperis\advancements\tiers\beginner\impl\$5SmeltItUp.java
C:\Users\berke\IdeaProjects\BetterAdvancements\src\main\java\com\desperis\advancements\tiers\beginner\impl\$8SurvivalEssentials.java
C:\Users\berke\IdeaProjects\BetterAdvancements\src\main\java\com\desperis\advancements\user\UserManager.java
C:\Users\berke\IdeaProjects\BetterAdvancements\src\main\java\com\desperis\advancements\tiers\beginner\impl\$10PotionBasics.java
C:\Users\berke\IdeaProjects\BetterAdvancements\src\main\java\com\desperis\advancements\tiers\beginner\impl\$14UndergroundMaster.java
C:\Users\berke\IdeaProjects\BetterAdvancements\src\main\java\com\desperis\advancements\user\User.java
C:\Users\berke\IdeaProjects\BetterAdvancements\src\main\java\com\desperis\advancements\tiers\beginner\impl\$7FirstHarvest.java
